../Core/Src/main.c:146:5:abs	24	static
../Core/Src/main.c:168:6:HAL_TIM_PeriodElapsedCallback	16	static
../Core/Src/main.c:262:6:HAL_UART_RxCpltCallback	16	static
../Core/Src/main.c:354:6:DMA_Message_Init	16	static
../Core/Src/main.c:364:6:Counter_Init	4	static
../Core/Src/main.c:376:6:Global_Status_Init	4	static
../Core/Src/main.c:381:6:stepper_motor_reset	8	static
../Core/Src/main.c:409:5:main	8	static
../Core/Src/main.c:623:6:SystemClock_Config	88	static
../Core/Src/main.c:670:13:MX_ADC3_Init	24	static
../Core/Src/main.c:722:13:MX_TIM3_Init	64	static
../Core/Src/main.c:785:13:MX_TIM6_Init	16	static
../Core/Src/main.c:823:13:MX_USART2_UART_Init	8	static
../Core/Src/main.c:854:13:MX_DMA_Init	16	static
../Core/Src/main.c:875:13:MX_GPIO_Init	48	static
../Core/Src/main.c:931:6:loop_motor_wait	24	static
../Core/Src/main.c:954:6:motor_state_selector	16	static
../Core/Src/main.c:1000:6:stepper_step_angle	40	static
../Core/Src/main.c:1030:6:stepper_half_drive	16	static
../Core/Src/main.c:1151:6:Error_Handler	4	static,ignoring_inline_asm
