../Core/Src/main.c:147:5:abs	16	static
../Core/Src/main.c:160:6:HAL_TIM_PeriodElapsedCallback	16	static
../Core/Src/main.c:250:6:HAL_UART_RxCpltCallback	16	static
../Core/Src/main.c:256:6:DMA_Message_Init	16	static
../Core/Src/main.c:265:6:Counter_Init	4	static
../Core/Src/main.c:277:6:Global_Status_Init	4	static
../Core/Src/main.c:282:6:Stepper_Motor_Reset	8	static
../Core/Src/main.c:308:5:main	16	static
../Core/Src/main.c:455:6:SystemClock_Config	88	static
../Core/Src/main.c:502:13:MX_ADC3_Init	24	static
../Core/Src/main.c:554:13:MX_TIM3_Init	64	static
../Core/Src/main.c:617:13:MX_TIM6_Init	16	static
../Core/Src/main.c:655:13:MX_USART2_UART_Init	8	static
../Core/Src/main.c:686:13:MX_DMA_Init	16	static
../Core/Src/main.c:707:13:MX_GPIO_Init	48	static
../Core/Src/main.c:763:6:loop_motor_wait	24	static
../Core/Src/main.c:786:6:motor_state_selector	16	static
../Core/Src/main.c:832:6:stepper_step_angle	40	static
../Core/Src/main.c:862:6:stepper_half_drive	16	static
../Core/Src/main.c:930:6:Error_Handler	4	static,ignoring_inline_asm
