../Core/Src/main.c:153:6:HAL_TIM_PeriodElapsedCallback	16	static
../Core/Src/main.c:245:6:HAL_UART_RxCpltCallback	16	static
../Core/Src/main.c:337:6:DMA_Message_Init	16	static
../Core/Src/main.c:346:6:Counter_Init	4	static
../Core/Src/main.c:356:6:Global_Status_Init	4	static
../Core/Src/main.c:361:6:Stepper_Motor_Reset	8	static
../Core/Src/main.c:387:5:main	16	static
../Core/Src/main.c:559:6:SystemClock_Config	88	static
../Core/Src/main.c:606:13:MX_ADC3_Init	24	static
../Core/Src/main.c:658:13:MX_TIM3_Init	64	static
../Core/Src/main.c:721:13:MX_TIM6_Init	16	static
../Core/Src/main.c:759:13:MX_USART2_UART_Init	8	static
../Core/Src/main.c:790:13:MX_DMA_Init	16	static
../Core/Src/main.c:811:13:MX_GPIO_Init	48	static
../Core/Src/main.c:867:6:loop_motor_wait	24	static
../Core/Src/main.c:890:6:motor_state_selector	16	static
../Core/Src/main.c:936:6:stepper_step_angle	40	static
../Core/Src/main.c:966:6:stepper_half_drive	16	static
../Core/Src/main.c:1087:6:Error_Handler	4	static,ignoring_inline_asm
