../Core/Src/main.c:67:6:HAL_TIM_PeriodElapsedCallback	16	static
../Core/Src/main.c:73:6:HAL_UART_RxCpltCallback	16	static
../Core/Src/main.c:78:6:DMA_Message_Init	16	static
../Core/Src/main.c:92:5:main	8	static
../Core/Src/main.c:141:6:SystemClock_Config	88	static
../Core/Src/main.c:188:13:MX_TIM6_Init	16	static
../Core/Src/main.c:226:13:MX_USART2_UART_Init	8	static
../Core/Src/main.c:257:13:MX_DMA_Init	16	static
../Core/Src/main.c:278:13:MX_GPIO_Init	16	static
../Core/Src/main.c:295:6:Error_Handler	4	static,ignoring_inline_asm
