../Core/Src/main.c:145:5:abs	16	static
../Core/Src/main.c:158:6:HAL_TIM_PeriodElapsedCallback	16	static
../Core/Src/main.c:250:6:HAL_UART_RxCpltCallback	16	static
../Core/Src/main.c:342:6:DMA_Message_Init	16	static
../Core/Src/main.c:351:6:Counter_Init	4	static
../Core/Src/main.c:361:6:Global_Status_Init	4	static
../Core/Src/main.c:366:6:Stepper_Motor_Reset	8	static
../Core/Src/main.c:392:5:main	16	static
../Core/Src/main.c:563:6:SystemClock_Config	88	static
../Core/Src/main.c:610:13:MX_ADC3_Init	24	static
../Core/Src/main.c:662:13:MX_TIM3_Init	64	static
../Core/Src/main.c:725:13:MX_TIM6_Init	16	static
../Core/Src/main.c:763:13:MX_USART2_UART_Init	8	static
../Core/Src/main.c:794:13:MX_DMA_Init	16	static
../Core/Src/main.c:815:13:MX_GPIO_Init	48	static
../Core/Src/main.c:871:6:loop_motor_wait	24	static
../Core/Src/main.c:894:6:motor_state_selector	16	static
../Core/Src/main.c:940:6:stepper_step_angle	40	static
../Core/Src/main.c:970:6:stepper_half_drive	16	static
../Core/Src/main.c:1091:6:Error_Handler	4	static,ignoring_inline_asm
