../Core/Src/main.c:136:6:HAL_TIM_PeriodElapsedCallback	16	static
../Core/Src/main.c:211:6:HAL_UART_RxCpltCallback	16	static
../Core/Src/main.c:216:6:DMA_Message_Init	16	static
../Core/Src/main.c:225:6:Counter_Init	4	static
../Core/Src/main.c:233:6:Global_Status_Init	4	static
../Core/Src/main.c:239:6:Stepper_Motor_Reset	8	static
../Core/Src/main.c:260:5:main	16	static
../Core/Src/main.c:408:6:SystemClock_Config	88	static
../Core/Src/main.c:455:13:MX_ADC3_Init	24	static
../Core/Src/main.c:507:13:MX_TIM3_Init	64	static
../Core/Src/main.c:570:13:MX_TIM6_Init	16	static
../Core/Src/main.c:608:13:MX_USART2_UART_Init	8	static
../Core/Src/main.c:639:13:MX_DMA_Init	16	static
../Core/Src/main.c:660:13:MX_GPIO_Init	48	static
../Core/Src/main.c:716:6:loop_motor_wait	24	static
../Core/Src/main.c:739:6:motor_state_selector	16	static
../Core/Src/main.c:785:6:stepper_step_angle	40	static
../Core/Src/main.c:815:6:stepper_half_drive	16	static
../Core/Src/main.c:936:6:Error_Handler	4	static,ignoring_inline_asm
